// Jest Snapshot v1, https://goo.gl/fbAQLP

exports[`matches snapshot 1`] = `
<DocumentFragment>
  <div
    class="Banner"
  >
    <h1>
      Coin Flip
    </h1>
  </div>
</DocumentFragment>
`;
