// Jest Snapshot v1, https://goo.gl/fbAQLP

exports[`matches snapsnot 1`] = `
<DocumentFragment>
  <div
    class="InfoBar"
  >
    <p>
      Heads: 3
    </p>
    <p>
      Tails: 3
    </p>
  </div>
</DocumentFragment>
`;
